Xcode: Xcode 26.6
Declared ITSAppUsesNonExemptEncryption = false
App icon: AppIcon-512@2x.png (1024x1024)
Bundle id: com.amanorsac.pulseroom
Signing identity: Apple Distribution: Stephen Amanor Sackey (SGQVTNFK4Q)
Signing automatically — Xcode will create a distribution profile for com.amanorsac.pulseroom via the API key.
ComputeTargetDependencyGraph
note: Building targets in dependency order
note: Target dependency graph (5 targets)
    Target 'App' in project 'App'
        ➜ Explicit dependency on target 'CapApp-SPM' in project 'CapApp-SPM'
    Target 'CapApp-SPM' in project 'CapApp-SPM'
        ➜ Explicit dependency on target 'CapApp-SPM' in project 'CapApp-SPM'
        ➜ Explicit dependency on target 'Capacitor' in project 'capacitor-swift-pm'
        ➜ Explicit dependency on target 'Cordova' in project 'capacitor-swift-pm'
    Target 'CapApp-SPM' in project 'CapApp-SPM'
        ➜ Explicit dependency on target 'Capacitor' in project 'capacitor-swift-pm'
        ➜ Explicit dependency on target 'Cordova' in project 'capacitor-swift-pm'
    Target 'Cordova' in project 'capacitor-swift-pm' (no dependencies)
    Target 'Capacitor' in project 'capacitor-swift-pm' (no dependencies)

GatherProvisioningInputs

CreateBuildDescription

ExecuteExternalTool /Applications/Xcode_26.6.app/Contents/Developer/Toolchains/XcodeDefault.xctoolchain/usr/bin/swiftc --version

ExecuteExternalTool /Applications/Xcode_26.6.app/Contents/Developer/usr/bin/actool --print-asset-tag-combinations --output-format xml1 /Users/runner/work/PulseRoom/PulseRoom/ios/App/App/Assets.xcassets

ExecuteExternalTool /Applications/Xcode_26.6.app/Contents/Developer/usr/bin/ibtool --version --output-format xml1

ExecuteExternalTool /Applications/Xcode_26.6.app/Contents/Developer/Toolchains/XcodeDefault.xctoolchain/usr/bin/clang -v -E -dM -isysroot /Applications/Xcode_26.6.app/Contents/Developer/Platforms/iPhoneOS.platform/Developer/SDKs/iPhoneOS26.5.sdk -x c -c /dev/null

ExecuteExternalTool /Applications/Xcode_26.6.app/Contents/Developer/Toolchains/XcodeDefault.xctoolchain/usr/bin/ld -version_details

ExecuteExternalTool /Applications/Xcode_26.6.app/Contents/Developer/usr/bin/actool --version --output-format xml1

Build description signature: b4c10b6b1e19e67c78394fcba4237c30
Build description path: /Users/runner/Library/Developer/Xcode/DerivedData/App-ewmoebhldjuvgofddlogemwgabud/Build/Intermediates.noindex/ArchiveIntermediates/App/IntermediateBuildFilesPath/XCBuildData/b4c10b6b1e19e67c78394fcba4237c30.xcbuilddata
/Users/runner/work/PulseRoom/PulseRoom/ios/App/App.xcodeproj: error: App has conflicting provisioning settings. App is automatically signed for development, but a conflicting code signing identity Apple Distribution has been manually specified. Set the code signing identity value to "Apple Development" in the build settings editor, or switch to manual signing in the Signing & Capabilities editor. (in target 'App' from project 'App')
** ARCHIVE FAILED **


The following build commands failed:
	Archiving project App with scheme App
(1 failure)
::notice::Signed archive failed; archiving unsigned and signing at export instead.
    builtin-swiftStdLibTool --copy --verbose --Xcodesign --keychain --Xcodesign /Users/runner/work/_temp/pulseroom-signing.keychain-db --scan-executable /Users/runner/Library/Developer/Xcode/DerivedData/App-ewmoebhldjuvgofddlogemwgabud/Build/Intermediates.noindex/ArchiveIntermediates/App/InstallationBuildProductsLocation/Applications/App.app/App --scan-folder /Users/runner/Library/Developer/Xcode/DerivedData/App-ewmoebhldjuvgofddlogemwgabud/Build/Intermediates.noindex/ArchiveIntermediates/App/InstallationBuildProductsLocation/Applications/App.app/Frameworks --scan-folder /Users/runner/Library/Developer/Xcode/DerivedData/App-ewmoebhldjuvgofddlogemwgabud/Build/Intermediates.noindex/ArchiveIntermediates/App/InstallationBuildProductsLocation/Applications/App.app/PlugIns --scan-folder /Users/runner/Library/Developer/Xcode/DerivedData/App-ewmoebhldjuvgofddlogemwgabud/Build/Intermediates.noindex/ArchiveIntermediates/App/InstallationBuildProductsLocation/Applications/App.app/SystemExtensions --scan-folder /Users/runner/Library/Developer/Xcode/DerivedData/App-ewmoebhldjuvgofddlogemwgabud/Build/Intermediates.noindex/ArchiveIntermediates/App/InstallationBuildProductsLocation/Applications/App.app/Extensions --platform iphoneos --toolchain /var/run/com.apple.security.cryptexd/mnt/com.apple.MobileAsset.MetalToolchain-v17.6.109.0.wOZDQ2/Metal.xctoolchain --toolchain /Applications/Xcode_26.6.app/Contents/Developer/Toolchains/XcodeDefault.xctoolchain --destination /Users/runner/Library/Developer/Xcode/DerivedData/App-ewmoebhldjuvgofddlogemwgabud/Build/Intermediates.noindex/ArchiveIntermediates/App/InstallationBuildProductsLocation/Applications/App.app/Frameworks --unsigned-destination /Users/runner/Library/Developer/Xcode/DerivedData/App-ewmoebhldjuvgofddlogemwgabud/Build/Intermediates.noindex/ArchiveIntermediates/App/BuildProductsPath/SwiftSupport --strip-bitcode --strip-bitcode-tool /Applications/Xcode_26.6.app/Contents/Developer/Toolchains/XcodeDefault.xctoolchain/usr/bin/bitcode_strip --emit-dependency-info /Users/runner/Library/Developer/Xcode/DerivedData/App-ewmoebhldjuvgofddlogemwgabud/Build/Intermediates.noindex/ArchiveIntermediates/App/IntermediateBuildFilesPath/App.build/Release-iphoneos/App.build/SwiftStdLibToolInputDependencies.dep --filter-for-swift-os --back-deploy-swift-span
Ignoring --strip-bitcode because --sign was not passed

GenerateDSYMFile /Users/runner/Library/Developer/Xcode/DerivedData/App-ewmoebhldjuvgofddlogemwgabud/Build/Intermediates.noindex/ArchiveIntermediates/App/BuildProductsPath/Release-iphoneos/App.app.dSYM /Users/runner/Library/Developer/Xcode/DerivedData/App-ewmoebhldjuvgofddlogemwgabud/Build/Intermediates.noindex/ArchiveIntermediates/App/InstallationBuildProductsLocation/Applications/App.app/App (in target 'App' from project 'App')
    cd /Users/runner/work/PulseRoom/PulseRoom/ios/App
    /Applications/Xcode_26.6.app/Contents/Developer/Toolchains/XcodeDefault.xctoolchain/usr/bin/dsymutil /Users/runner/Library/Developer/Xcode/DerivedData/App-ewmoebhldjuvgofddlogemwgabud/Build/Intermediates.noindex/ArchiveIntermediates/App/InstallationBuildProductsLocation/Applications/App.app/App -o /Users/runner/Library/Developer/Xcode/DerivedData/App-ewmoebhldjuvgofddlogemwgabud/Build/Intermediates.noindex/ArchiveIntermediates/App/BuildProductsPath/Release-iphoneos/App.app.dSYM

AppIntentsSSUTraining (in target 'App' from project 'App')
    cd /Users/runner/work/PulseRoom/PulseRoom/ios/App
    /Applications/Xcode_26.6.app/Contents/Developer/Toolchains/XcodeDefault.xctoolchain/usr/bin/appintentsnltrainingprocessor --infoplist-path /Users/runner/Library/Developer/Xcode/DerivedData/App-ewmoebhldjuvgofddlogemwgabud/Build/Intermediates.noindex/ArchiveIntermediates/App/InstallationBuildProductsLocation/Applications/App.app/Info.plist --temp-dir-path /Users/runner/Library/Developer/Xcode/DerivedData/App-ewmoebhldjuvgofddlogemwgabud/Build/Intermediates.noindex/ArchiveIntermediates/App/IntermediateBuildFilesPath/App.build/Release-iphoneos/App.build/ssu --bundle-id com.amanorsac.pulseroom --product-path /Users/runner/Library/Developer/Xcode/DerivedData/App-ewmoebhldjuvgofddlogemwgabud/Build/Intermediates.noindex/ArchiveIntermediates/App/InstallationBuildProductsLocation/Applications/App.app --extracted-metadata-path /Users/runner/Library/Developer/Xcode/DerivedData/App-ewmoebhldjuvgofddlogemwgabud/Build/Intermediates.noindex/ArchiveIntermediates/App/InstallationBuildProductsLocation/Applications/App.app/Metadata.appintents --deployment-postprocessing --metadata-file-list /Users/runner/Library/Developer/Xcode/DerivedData/App-ewmoebhldjuvgofddlogemwgabud/Build/Intermediates.noindex/ArchiveIntermediates/App/IntermediateBuildFilesPath/App.build/Release-iphoneos/App.build/App.DependencyMetadataFileList --source-file /Users/runner/Library/Developer/Xcode/DerivedData/App-ewmoebhldjuvgofddlogemwgabud/Build/Intermediates.noindex/ArchiveIntermediates/App/InstallationBuildProductsLocation/Applications/App.app/Info.plist --archive-ssu-assets
2026-09-12 00:09:58.410 appintentsnltrainingprocessor[3843:14595] Parsing options for appintentsnltrainingprocessor
2026-09-12 00:09:58.410 appintentsnltrainingprocessor[3843:14595] Starting AppIntents SSU YAML Generation
2026-09-12 00:09:58.414 appintentsnltrainingprocessor[3843:14595] No AppShortcuts found - Skipping.

Strip /Users/runner/Library/Developer/Xcode/DerivedData/App-ewmoebhldjuvgofddlogemwgabud/Build/Intermediates.noindex/ArchiveIntermediates/App/InstallationBuildProductsLocation/Applications/App.app/App (in target 'App' from project 'App')
    cd /Users/runner/work/PulseRoom/PulseRoom/ios/App
    /Applications/Xcode_26.6.app/Contents/Developer/Toolchains/XcodeDefault.xctoolchain/usr/bin/strip -D /Users/runner/Library/Developer/Xcode/DerivedData/App-ewmoebhldjuvgofddlogemwgabud/Build/Intermediates.noindex/ArchiveIntermediates/App/InstallationBuildProductsLocation/Applications/App.app/App

SetOwnerAndGroup runner:staff /Users/runner/Library/Developer/Xcode/DerivedData/App-ewmoebhldjuvgofddlogemwgabud/Build/Intermediates.noindex/ArchiveIntermediates/App/InstallationBuildProductsLocation/Applications/App.app (in target 'App' from project 'App')
    cd /Users/runner/work/PulseRoom/PulseRoom/ios/App
    /usr/sbin/chown -RH runner:staff /Users/runner/Library/Developer/Xcode/DerivedData/App-ewmoebhldjuvgofddlogemwgabud/Build/Intermediates.noindex/ArchiveIntermediates/App/InstallationBuildProductsLocation/Applications/App.app

SetMode u+w,go-w,a+rX /Users/runner/Library/Developer/Xcode/DerivedData/App-ewmoebhldjuvgofddlogemwgabud/Build/Intermediates.noindex/ArchiveIntermediates/App/InstallationBuildProductsLocation/Applications/App.app (in target 'App' from project 'App')
    cd /Users/runner/work/PulseRoom/PulseRoom/ios/App
    /bin/chmod -RH u+w,go-w,a+rX /Users/runner/Library/Developer/Xcode/DerivedData/App-ewmoebhldjuvgofddlogemwgabud/Build/Intermediates.noindex/ArchiveIntermediates/App/InstallationBuildProductsLocation/Applications/App.app

RegisterExecutionPolicyException /Users/runner/Library/Developer/Xcode/DerivedData/App-ewmoebhldjuvgofddlogemwgabud/Build/Intermediates.noindex/ArchiveIntermediates/App/InstallationBuildProductsLocation/Applications/App.app (in target 'App' from project 'App')
    cd /Users/runner/work/PulseRoom/PulseRoom/ios/App
    builtin-RegisterExecutionPolicyException /Users/runner/Library/Developer/Xcode/DerivedData/App-ewmoebhldjuvgofddlogemwgabud/Build/Intermediates.noindex/ArchiveIntermediates/App/InstallationBuildProductsLocation/Applications/App.app

Validate /Users/runner/Library/Developer/Xcode/DerivedData/App-ewmoebhldjuvgofddlogemwgabud/Build/Intermediates.noindex/ArchiveIntermediates/App/InstallationBuildProductsLocation/Applications/App.app (in target 'App' from project 'App')
    cd /Users/runner/work/PulseRoom/PulseRoom/ios/App
    builtin-validationUtility /Users/runner/Library/Developer/Xcode/DerivedData/App-ewmoebhldjuvgofddlogemwgabud/Build/Intermediates.noindex/ArchiveIntermediates/App/InstallationBuildProductsLocation/Applications/App.app -validate-for-store -shallow-bundle -infoplist-subpath Info.plist

Touch /Users/runner/Library/Developer/Xcode/DerivedData/App-ewmoebhldjuvgofddlogemwgabud/Build/Intermediates.noindex/ArchiveIntermediates/App/InstallationBuildProductsLocation/Applications/App.app (in target 'App' from project 'App')
    cd /Users/runner/work/PulseRoom/PulseRoom/ios/App
    /usr/bin/touch -c /Users/runner/Library/Developer/Xcode/DerivedData/App-ewmoebhldjuvgofddlogemwgabud/Build/Intermediates.noindex/ArchiveIntermediates/App/InstallationBuildProductsLocation/Applications/App.app

** ARCHIVE SUCCEEDED **

2026-09-12 00:09:59.836 xcodebuild[3849:14628] [MT] IDEDistribution: -[IDEDistributionLogging _createLoggingBundleAtPath:]: Created bundle at path "/var/folders/36/tjdph2t965j8snz9_vkdnw0r0000gn/T/App_2026-09-12_00-09-59.834.xcdistributionlogs".
Exported App to: /Users/runner/work/_temp/export
** EXPORT SUCCEEDED **

Wrote PulseRoom-1.0.1-iOS.ipa
Executable=/Users/runner/work/_temp/verify/Payload/App.app/App
Identifier=com.amanorsac.pulseroom
Format=app bundle with Mach-O thin (arm64)
CodeDirectory v=20400 size=1051 flags=0x0(none) hashes=22+7 location=embedded
Signature size=4800
Authority=Apple Distribution: Stephen Amanor Sackey (SGQVTNFK4Q)
Authority=Apple Worldwide Developer Relations Certification Authority
Authority=Apple Root CA
Signed Time=Sep 12, 2026 at 12:10:09 AM
Info.plist entries=33
--- uploading to App Store Connect ---
Running altool at path '/Applications/Xcode_26.6.app/Contents/SharedFrameworks/ContentDelivery.framework/Resources/altool'...

2026-09-12 00:11:22.600  INFO: [ContentDelivery.Uploader.9F6C7C440] 
==========================================
UPLOAD SUCCEEDED with no errors
Delivery UUID: ede894e4-5c31-44b0-b15c-05430c999094
Transferred 776576 bytes in 0.011 seconds (72.0MB/s, 576.070Mbps)
==========================================
No errors uploading archive at '/Users/runner/work/PulseRoom/PulseRoom/PulseRoom-1.0.1-iOS.ipa'.
Uploaded build 24 — it appears in TestFlight once Apple finishes processing.
